2026-05-06 12:08:13,962 INFO o.a.j.u.JMeterUtils: Setting Locale to en_EN
2026-05-06 12:08:13,984 INFO o.a.j.JMeter: Loading user properties from: E:\apache-jmeter-5.6.3\apache-jmeter-5.6.3\bin\user.properties
2026-05-06 12:08:13,994 INFO o.a.j.JMeter: Loading system properties from: E:\apache-jmeter-5.6.3\apache-jmeter-5.6.3\bin\system.properties
2026-05-06 12:08:13,994 INFO o.a.j.JMeter: Setting JMeter property: host=joyjoysad-food-ai.hf.space
2026-05-06 12:08:13,994 INFO o.a.j.JMeter: Setting JMeter property: port=443
2026-05-06 12:08:13,994 INFO o.a.j.JMeter: Setting JMeter property: protocol=https
2026-05-06 12:08:13,994 INFO o.a.j.JMeter: Setting JMeter property: threads=5
2026-05-06 12:08:13,994 INFO o.a.j.JMeter: Setting JMeter property: rampup=10
2026-05-06 12:08:13,994 INFO o.a.j.JMeter: Setting JMeter property: loops=2
2026-05-06 12:08:13,994 INFO o.a.j.JMeter: Setting JMeter property: image=sample_food.png
2026-05-06 12:08:13,994 INFO o.a.j.JMeter: Setting JMeter property: mimetype=image/png
2026-05-06 12:08:14,000 INFO o.a.j.JMeter: Copyright (c) 1998-2024 The Apache Software Foundation
2026-05-06 12:08:14,000 INFO o.a.j.JMeter: Version 5.6.3
2026-05-06 12:08:14,000 INFO o.a.j.JMeter: java.version=25.0.3
2026-05-06 12:08:14,000 INFO o.a.j.JMeter: java.vm.name=Java HotSpot(TM) 64-Bit Server VM
2026-05-06 12:08:14,000 INFO o.a.j.JMeter: os.name=Windows 11
2026-05-06 12:08:14,000 INFO o.a.j.JMeter: os.arch=amd64
2026-05-06 12:08:14,000 INFO o.a.j.JMeter: os.version=10.0
2026-05-06 12:08:14,000 INFO o.a.j.JMeter: file.encoding=UTF-8
2026-05-06 12:08:14,000 INFO o.a.j.JMeter: java.awt.headless=true
2026-05-06 12:08:14,000 INFO o.a.j.JMeter: Max memory     =1073741824
2026-05-06 12:08:14,000 INFO o.a.j.JMeter: Available Processors =16
2026-05-06 12:08:14,012 INFO o.a.j.JMeter: Default Locale=English (EN)
2026-05-06 12:08:14,013 INFO o.a.j.JMeter: JMeter  Locale=English (EN)
2026-05-06 12:08:14,013 INFO o.a.j.JMeter: JMeterHome=E:\apache-jmeter-5.6.3\apache-jmeter-5.6.3
2026-05-06 12:08:14,013 INFO o.a.j.JMeter: user.dir  =E:\food_ai
2026-05-06 12:08:14,013 INFO o.a.j.JMeter: PWD       =E:\food_ai
2026-05-06 12:08:14,017 INFO o.a.j.JMeter: IP: 192.168.1.148 Name: DESKTOP-BKSGL69 FullName: host.docker.internal
2026-05-06 12:08:14,024 INFO o.a.j.JMeter: Setting property 'jmeter.reportgenerator.outputdir' to:'E:\food_ai\jmeter\dashboard_cloud_v2'
2026-05-06 12:08:14,026 INFO o.a.j.s.FileServer: Default base='E:\food_ai'
2026-05-06 12:08:14,027 INFO o.a.j.s.FileServer: Set new base='E:\food_ai'
2026-05-06 12:08:14,232 INFO o.a.j.s.SaveService: Testplan (JMX) version: 2.2. Testlog (JTL) version: 2.2
2026-05-06 12:08:14,262 INFO o.a.j.s.SaveService: Using SaveService properties version 5.0
2026-05-06 12:08:14,265 INFO o.a.j.s.SaveService: Using SaveService properties file encoding UTF-8
2026-05-06 12:08:14,269 INFO o.a.j.s.SaveService: Loading file: load_test.jmx
2026-05-06 12:08:14,332 INFO o.a.j.p.h.s.HTTPSamplerBase: Parser for text/html is org.apache.jmeter.protocol.http.parser.LagartoBasedHtmlParser
2026-05-06 12:08:14,332 INFO o.a.j.p.h.s.HTTPSamplerBase: Parser for application/xhtml+xml is org.apache.jmeter.protocol.http.parser.LagartoBasedHtmlParser
2026-05-06 12:08:14,332 INFO o.a.j.p.h.s.HTTPSamplerBase: Parser for application/xml is org.apache.jmeter.protocol.http.parser.LagartoBasedHtmlParser
2026-05-06 12:08:14,333 INFO o.a.j.p.h.s.HTTPSamplerBase: Parser for text/xml is org.apache.jmeter.protocol.http.parser.LagartoBasedHtmlParser
2026-05-06 12:08:14,333 INFO o.a.j.p.h.s.HTTPSamplerBase: Parser for text/vnd.wap.wml is org.apache.jmeter.protocol.http.parser.RegexpHTMLParser
2026-05-06 12:08:14,333 INFO o.a.j.p.h.s.HTTPSamplerBase: Parser for text/css is org.apache.jmeter.protocol.http.parser.CssParser
2026-05-06 12:08:14,517 INFO o.a.j.JMeter: Creating summariser <summary>
2026-05-06 12:08:14,520 INFO o.a.j.r.d.ReportGenerator: ReportGenerator will use for Parsing the separator: ','
2026-05-06 12:08:14,520 INFO o.a.j.r.d.ReportGenerator: Will generate report at end of test from  results file: jmeter\results\cloud_v2.jtl
2026-05-06 12:08:14,520 INFO o.a.j.r.d.ReportGenerator: Reading report generator properties from: E:\apache-jmeter-5.6.3\apache-jmeter-5.6.3\bin\reportgenerator.properties
2026-05-06 12:08:14,528 INFO o.a.j.r.d.ReportGenerator: Merging with JMeter properties
2026-05-06 12:08:14,531 INFO o.a.j.r.c.ReportGeneratorConfiguration: Property 'jmeter.reportgenerator.temp_dir' not found, using default value 'temp' instead.
2026-05-06 12:08:14,532 INFO o.a.j.r.c.ReportGeneratorConfiguration: Property 'jmeter.reportgenerator.apdex_per_transaction' not found, using default value 'null' instead.
2026-05-06 12:08:14,533 INFO o.a.j.r.c.ReportGeneratorConfiguration: apdex_per_transaction is empty, not APDEX per transaction customization
2026-05-06 12:08:14,533 INFO o.a.j.r.c.ReportGeneratorConfiguration: Property 'jmeter.reportgenerator.sample_filter' not found, using default value 'null' instead.
2026-05-06 12:08:14,533 INFO o.a.j.r.c.ReportGeneratorConfiguration: Property 'jmeter.reportgenerator.report_title' not found, using default value 'null' instead.
2026-05-06 12:08:14,533 INFO o.a.j.r.c.ReportGeneratorConfiguration: Property 'jmeter.reportgenerator.start_date' not found, using default value 'null' instead.
2026-05-06 12:08:14,533 INFO o.a.j.r.c.ReportGeneratorConfiguration: Property 'jmeter.reportgenerator.end_date' not found, using default value 'null' instead.
2026-05-06 12:08:14,533 INFO o.a.j.r.c.ReportGeneratorConfiguration: Property 'jmeter.reportgenerator.date_format' not found, using default value 'null' instead.
2026-05-06 12:08:14,533 INFO o.a.j.r.c.ReportGeneratorConfiguration: Will use date range start date: null, end date: null
2026-05-06 12:08:14,536 INFO o.a.j.r.c.ReportGeneratorConfiguration: Property 'jmeter.reportgenerator.graph.totalTPS.exclude_controllers' not found, using default value 'false' instead.
2026-05-06 12:08:14,536 INFO o.a.j.r.c.ReportGeneratorConfiguration: Property 'jmeter.reportgenerator.graph.activeThreadsOverTime.exclude_controllers' not found, using default value 'false' instead.
2026-05-06 12:08:14,536 INFO o.a.j.r.c.ReportGeneratorConfiguration: Property 'jmeter.reportgenerator.graph.timeVsThreads.exclude_controllers' not found, using default value 'false' instead.
2026-05-06 12:08:14,536 INFO o.a.j.r.c.ReportGeneratorConfiguration: Property 'jmeter.reportgenerator.graph.responseTimeDistribution.exclude_controllers' not found, using default value 'false' instead.
2026-05-06 12:08:14,536 INFO o.a.j.r.c.ReportGeneratorConfiguration: Property 'jmeter.reportgenerator.graph.transactionsPerSecond.exclude_controllers' not found, using default value 'false' instead.
2026-05-06 12:08:14,537 INFO o.a.j.r.c.ReportGeneratorConfiguration: Property 'jmeter.reportgenerator.graph.responseTimePercentiles.exclude_controllers' not found, using default value 'false' instead.
2026-05-06 12:08:14,537 INFO o.a.j.r.c.ReportGeneratorConfiguration: Property 'jmeter.reportgenerator.graph.responseTimePercentilesOverTime.exclude_controllers' not found, using default value 'false' instead.
2026-05-06 12:08:14,537 INFO o.a.j.r.c.ReportGeneratorConfiguration: Property 'jmeter.reportgenerator.graph.responseTimesOverTime.exclude_controllers' not found, using default value 'false' instead.
2026-05-06 12:08:14,537 INFO o.a.j.r.c.ReportGeneratorConfiguration: Property 'jmeter.reportgenerator.graph.connectTimeOverTime.exclude_controllers' not found, using default value 'false' instead.
2026-05-06 12:08:14,537 INFO o.a.j.r.c.ReportGeneratorConfiguration: Property 'jmeter.reportgenerator.graph.latenciesOverTime.exclude_controllers' not found, using default value 'false' instead.
2026-05-06 12:08:14,538 INFO o.a.j.r.c.ReportGeneratorConfiguration: Property 'jmeter.reportgenerator.exporter.json.filters_only_sample_series' not found, using default value 'true' instead.
2026-05-06 12:08:14,542 INFO o.a.j.r.c.ReportGeneratorConfiguration: Property 'jmeter.reportgenerator.exporter.json.series_filter' not found, using default value '' instead.
2026-05-06 12:08:14,542 INFO o.a.j.r.c.ReportGeneratorConfiguration: Property 'jmeter.reportgenerator.exporter.json.show_controllers_only' not found, using default value 'false' instead.
2026-05-06 12:08:14,542 INFO o.a.j.r.c.ReportGeneratorConfiguration: Property 'jmeter.reportgenerator.exporter.html.filters_only_sample_series' not found, using default value 'true' instead.
2026-05-06 12:08:14,542 INFO o.a.j.r.c.ReportGeneratorConfiguration: Property 'jmeter.reportgenerator.exporter.html.series_filter' not found, using default value '' instead.
2026-05-06 12:08:14,542 INFO o.a.j.r.c.ReportGeneratorConfiguration: Property 'jmeter.reportgenerator.exporter.html.show_controllers_only' not found, using default value 'false' instead.
2026-05-06 12:08:14,551 INFO o.a.j.e.StandardJMeterEngine: Running the test!
2026-05-06 12:08:14,552 INFO o.a.j.s.SampleEvent: List of sample_variables: []
2026-05-06 12:08:14,552 INFO o.a.j.s.SampleEvent: List of sample_variables: []
2026-05-06 12:08:14,556 INFO o.a.j.e.u.CompoundVariable: Note: Function class names must contain the string: '.functions.'
2026-05-06 12:08:14,556 INFO o.a.j.e.u.CompoundVariable: Note: Function class names must not contain the string: '.gui.'
2026-05-06 12:08:14,620 INFO o.a.j.JMeter: Running test (1778044094620)
2026-05-06 12:08:14,632 INFO o.a.j.e.StandardJMeterEngine: Starting ThreadGroup: 1 : Predict Endpoint Users
2026-05-06 12:08:14,633 INFO o.a.j.e.StandardJMeterEngine: Starting 5 threads for group Predict Endpoint Users.
2026-05-06 12:08:14,633 INFO o.a.j.e.StandardJMeterEngine: Thread will continue on error
2026-05-06 12:08:14,633 INFO o.a.j.t.ThreadGroup: Starting thread group... number=1 threads=5 ramp-up=10 delayedStart=false
2026-05-06 12:08:14,637 INFO o.a.j.t.ThreadGroup: Started thread group number 1
2026-05-06 12:08:14,638 INFO o.a.j.e.StandardJMeterEngine: All thread groups have been started
2026-05-06 12:08:14,638 INFO o.a.j.t.JMeterThread: Thread started: Predict Endpoint Users 1-1
2026-05-06 12:08:14,648 INFO o.a.j.p.h.s.HTTPHCAbstractImpl: Local host = DESKTOP-BKSGL69
2026-05-06 12:08:14,652 INFO o.a.j.p.h.s.HTTPHC4Impl: HTTP request retry count = 0
2026-05-06 12:08:14,654 INFO o.a.j.s.SampleResult: Note: Sample TimeStamps are START times
2026-05-06 12:08:14,654 INFO o.a.j.s.SampleResult: sampleresult.default.encoding is set to UTF-8
2026-05-06 12:08:14,654 INFO o.a.j.s.SampleResult: sampleresult.useNanoTime=true
2026-05-06 12:08:14,654 INFO o.a.j.s.SampleResult: sampleresult.nanoThreadSleep=5000
2026-05-06 12:08:14,697 INFO o.a.j.s.FileServer: Stored: sample_food.png
2026-05-06 12:08:14,825 INFO o.a.j.p.h.s.h.LazyLayeredConnectionSocketFactory: Setting up HTTPS TrustAll Socket Factory
2026-05-06 12:08:14,831 INFO o.a.j.u.JsseSSLManager: Using default SSL protocol: TLS
2026-05-06 12:08:14,831 INFO o.a.j.u.JsseSSLManager: SSL session context: per-thread
2026-05-06 12:08:15,273 INFO o.a.j.u.SSLManager: JmeterKeyStore Location:  type JKS
2026-05-06 12:08:15,274 INFO o.a.j.u.SSLManager: KeyStore created OK
2026-05-06 12:08:15,275 WARN o.a.j.u.SSLManager: Keystore file not found, loading empty keystore
2026-05-06 12:08:16,642 INFO o.a.j.t.JMeterThread: Thread started: Predict Endpoint Users 1-2
2026-05-06 12:08:18,635 INFO o.a.j.t.JMeterThread: Thread started: Predict Endpoint Users 1-3
2026-05-06 12:08:20,524 INFO o.a.j.t.JMeterThread: Thread is done: Predict Endpoint Users 1-2
2026-05-06 12:08:20,524 INFO o.a.j.t.JMeterThread: Thread finished: Predict Endpoint Users 1-2
2026-05-06 12:08:20,634 INFO o.a.j.t.JMeterThread: Thread started: Predict Endpoint Users 1-4
2026-05-06 12:08:22,634 INFO o.a.j.t.JMeterThread: Thread started: Predict Endpoint Users 1-5
2026-05-06 12:08:23,423 INFO o.a.j.t.JMeterThread: Thread is done: Predict Endpoint Users 1-3
2026-05-06 12:08:23,423 INFO o.a.j.t.JMeterThread: Thread finished: Predict Endpoint Users 1-3
2026-05-06 12:08:24,229 INFO o.a.j.t.JMeterThread: Thread is done: Predict Endpoint Users 1-1
2026-05-06 12:08:24,230 INFO o.a.j.t.JMeterThread: Thread finished: Predict Endpoint Users 1-1
2026-05-06 12:08:24,416 INFO o.a.j.t.JMeterThread: Thread is done: Predict Endpoint Users 1-4
2026-05-06 12:08:24,416 INFO o.a.j.t.JMeterThread: Thread finished: Predict Endpoint Users 1-4
2026-05-06 12:08:25,669 INFO o.a.j.t.JMeterThread: Thread is done: Predict Endpoint Users 1-5
2026-05-06 12:08:25,669 INFO o.a.j.t.JMeterThread: Thread finished: Predict Endpoint Users 1-5
2026-05-06 12:08:25,669 INFO o.a.j.e.StandardJMeterEngine: Notifying test listeners of end of test
2026-05-06 12:08:25,671 INFO o.a.j.r.Summariser: summary =     10 in 00:00:11 =    0.9/s Avg:  2500 Min:   601 Max:  8530 Err:     0 (0.00%)
2026-05-06 12:08:25,672 INFO o.a.j.JMeter: Generating Dashboard
2026-05-06 12:08:25,672 INFO o.a.j.r.d.ReportGenerator: Flushing result collector before report Generation
2026-05-06 12:08:25,690 INFO o.a.j.r.p.NormalizerSampleConsumer: Using format, 'ms', to parse timeStamp field
2026-05-06 12:08:25,724 INFO o.a.j.r.p.AbstractSampleConsumer: class org.apache.jmeter.report.processor.AggregateConsumer#stopProducing(): beginDate produced 0 samples
2026-05-06 12:08:25,724 INFO o.a.j.r.p.AbstractSampleConsumer: class org.apache.jmeter.report.processor.AggregateConsumer#stopProducing(): endDate produced 0 samples
2026-05-06 12:08:25,725 INFO o.a.j.r.p.AbstractSampleConsumer: class org.apache.jmeter.report.processor.ApdexSummaryConsumer#stopProducing(): apdexSummary produced 0 samples
2026-05-06 12:08:25,725 INFO o.a.j.r.p.AbstractSampleConsumer: class org.apache.jmeter.report.processor.RequestsSummaryConsumer#stopProducing(): requestsSummary produced 0 samples
2026-05-06 12:08:25,729 INFO o.a.j.r.p.AbstractSampleConsumer: class org.apache.jmeter.report.processor.StatisticsSummaryConsumer#stopProducing(): statisticsSummary produced 0 samples
2026-05-06 12:08:25,730 INFO o.a.j.r.p.AbstractSampleConsumer: class org.apache.jmeter.report.processor.Top5ErrorsBySamplerConsumer#stopProducing(): top5ErrorsBySampler produced 0 samples
2026-05-06 12:08:25,731 INFO o.a.j.r.p.AbstractSampleConsumer: class org.apache.jmeter.report.processor.ErrorsSummaryConsumer#stopProducing(): errorsSummary produced 0 samples
2026-05-06 12:08:25,731 INFO o.a.j.r.p.AbstractSampleConsumer: class org.apache.jmeter.report.processor.graph.impl.HitsPerSecondGraphConsumer#stopProducing(): hitsPerSecond produced 0 samples
2026-05-06 12:08:25,750 INFO o.a.j.r.p.AbstractSampleConsumer: class org.apache.jmeter.report.processor.graph.impl.LatencyVSRequestGraphConsumer#stopProducing(): latencyVsRequest produced 0 samples
2026-05-06 12:08:25,750 INFO o.a.j.r.p.AbstractSampleConsumer: class org.apache.jmeter.report.processor.graph.impl.SyntheticResponseTimeDistributionGraphConsumer#stopProducing(): syntheticResponseTimeDistribution produced 0 samples
2026-05-06 12:08:25,750 INFO o.a.j.r.p.AbstractSampleConsumer: class org.apache.jmeter.report.processor.graph.impl.BytesThroughputGraphConsumer#stopProducing(): bytesThroughputOverTime produced 0 samples
2026-05-06 12:08:25,750 INFO o.a.j.r.p.AbstractSampleConsumer: class org.apache.jmeter.report.processor.graph.impl.CodesPerSecondGraphConsumer#stopProducing(): codesPerSecond produced 0 samples
2026-05-06 12:08:25,754 INFO o.a.j.r.p.AbstractSampleConsumer: class org.apache.jmeter.report.processor.graph.impl.ResponseTimeVSRequestGraphConsumer#stopProducing(): responseTimeVsRequest produced 0 samples
2026-05-06 12:08:25,754 INFO o.a.j.r.p.AbstractSampleConsumer: class org.apache.jmeter.report.processor.FilterConsumer#stopProducing(): startIntervalControlerFilter produced 70 samples
2026-05-06 12:08:25,754 INFO o.a.j.r.p.AbstractSampleConsumer: class org.apache.jmeter.report.processor.graph.impl.TotalTPSGraphConsumer#stopProducing(): totalTPS produced 0 samples
2026-05-06 12:08:25,754 INFO o.a.j.r.p.AbstractSampleConsumer: class org.apache.jmeter.report.processor.graph.impl.ActiveThreadsGraphConsumer#stopProducing(): activeThreadsOverTime produced 0 samples
2026-05-06 12:08:25,754 INFO o.a.j.r.p.AbstractSampleConsumer: class org.apache.jmeter.report.processor.graph.impl.TimeVSThreadGraphConsumer#stopProducing(): timeVsThreads produced 0 samples
2026-05-06 12:08:25,754 INFO o.a.j.r.p.AbstractSampleConsumer: class org.apache.jmeter.report.processor.graph.impl.ResponseTimeDistributionGraphConsumer#stopProducing(): responseTimeDistribution produced 0 samples
2026-05-06 12:08:25,754 INFO o.a.j.r.p.AbstractSampleConsumer: class org.apache.jmeter.report.processor.graph.impl.TransactionsPerSecondGraphConsumer#stopProducing(): transactionsPerSecond produced 0 samples
2026-05-06 12:08:25,754 INFO o.a.j.r.p.AbstractSampleConsumer: class org.apache.jmeter.report.processor.graph.impl.ResponseTimePercentilesGraphConsumer#stopProducing(): responseTimePercentiles produced 0 samples
2026-05-06 12:08:25,755 INFO o.a.j.r.p.AbstractSampleConsumer: class org.apache.jmeter.report.processor.graph.impl.ResponseTimePercentilesOverTimeGraphConsumer#stopProducing(): responseTimePercentilesOverTime produced 0 samples
2026-05-06 12:08:25,755 INFO o.a.j.r.p.AbstractSampleConsumer: class org.apache.jmeter.report.processor.graph.impl.ResponseTimeOverTimeGraphConsumer#stopProducing(): responseTimesOverTime produced 0 samples
2026-05-06 12:08:25,755 INFO o.a.j.r.p.AbstractSampleConsumer: class org.apache.jmeter.report.processor.graph.impl.ConnectTimeOverTimeGraphConsumer#stopProducing(): connectTimeOverTime produced 0 samples
2026-05-06 12:08:25,755 INFO o.a.j.r.p.AbstractSampleConsumer: class org.apache.jmeter.report.processor.graph.impl.LatencyOverTimeGraphConsumer#stopProducing(): latenciesOverTime produced 0 samples
2026-05-06 12:08:25,755 INFO o.a.j.r.p.AbstractSampleConsumer: class org.apache.jmeter.report.processor.FilterConsumer#stopProducing(): nameFilter produced 150 samples
2026-05-06 12:08:25,755 INFO o.a.j.r.p.AbstractSampleConsumer: class org.apache.jmeter.report.processor.FilterConsumer#stopProducing(): dateRangeFilter produced 30 samples
2026-05-06 12:08:25,755 INFO o.a.j.r.p.AbstractSampleConsumer: class org.apache.jmeter.report.processor.NormalizerSampleConsumer#stopProducing(): normalizer produced 10 samples
2026-05-06 12:08:25,755 INFO o.a.j.r.p.CsvFileSampleSource: produce(): 10 samples produced in 48ms on channel 0
2026-05-06 12:08:25,755 INFO o.a.j.r.d.ReportGenerator: Exporting data using exporter:'json' of className:'org.apache.jmeter.report.dashboard.JsonExporter'
2026-05-06 12:08:25,801 INFO o.a.j.r.d.JsonExporter: Found data for consumer statisticsSummary in context
2026-05-06 12:08:25,801 INFO o.a.j.r.d.JsonExporter: Creating statistics for overall
2026-05-06 12:08:25,802 INFO o.a.j.r.d.JsonExporter: Creating statistics for other transactions
2026-05-06 12:08:25,802 INFO o.a.j.r.d.JsonExporter: Checking output folder
2026-05-06 12:08:25,802 INFO o.a.j.r.d.JsonExporter: Writing statistics JSON to E:\food_ai\jmeter\dashboard_cloud_v2\statistics.json
2026-05-06 12:08:25,829 INFO o.a.j.r.d.ReportGenerator: Exporting data using exporter:'html' of className:'org.apache.jmeter.report.dashboard.HtmlTemplateExporter'
2026-05-06 12:08:25,831 INFO o.a.j.r.d.HtmlTemplateExporter: Will generate dashboard in folder: E:\food_ai\jmeter\dashboard_cloud_v2
2026-05-06 12:08:25,885 INFO o.a.j.r.d.HtmlTemplateExporter: Report will be generated in: E:\food_ai\jmeter\dashboard_cloud_v2, creating folder structure
2026-05-06 12:08:25,887 INFO o.a.j.r.d.TemplateVisitor: Copying folder from 'E:\apache-jmeter-5.6.3\apache-jmeter-5.6.3\bin\report-template' to 'E:\food_ai\jmeter\dashboard_cloud_v2', got message: E:\food_ai\jmeter\dashboard_cloud_v2, found non empty folder with following content [E:\food_ai\jmeter\dashboard_cloud_v2\statistics.json], will be ignored
2026-05-06 12:08:26,220 INFO o.a.j.JMeter: Dashboard generated
